[22:54:42] device=cuda NVIDIA GeForce RTX 4060 Laptop GPU
[22:54:44] preloaded 40 tiles in 1.9s
[22:54:44] LOCO: train=1944 val=324 test(all of kitsap)=648
[22:54:44] loco_train=1944 loco_val=324
[22:55:40] [loco] epoch  1/30  train_loss=0.3769  val_loss=0.3179  val_IoU=0.6190  val_Dice=0.7647  *best*
[22:56:34] [loco] epoch  2/30  train_loss=0.2914  val_loss=0.3157  val_IoU=0.6249  val_Dice=0.7691  *best*
[22:57:29] [loco] epoch  3/30  train_loss=0.2680  val_loss=0.2568  val_IoU=0.6898  val_Dice=0.8164  *best*
[22:58:23] [loco] epoch  4/30  train_loss=0.2670  val_loss=0.3312  val_IoU=0.5975  val_Dice=0.7480
[22:59:18] [loco] epoch  5/30  train_loss=0.2510  val_loss=0.2643  val_IoU=0.6993  val_Dice=0.8231  *best*
[23:00:12] [loco] epoch  6/30  train_loss=0.2385  val_loss=0.2316  val_IoU=0.7281  val_Dice=0.8427  *best*
[23:01:07] [loco] epoch  7/30  train_loss=0.2349  val_loss=0.2355  val_IoU=0.7227  val_Dice=0.8390
[23:02:02] [loco] epoch  8/30  train_loss=0.2309  val_loss=0.2470  val_IoU=0.6964  val_Dice=0.8210
[23:02:57] [loco] epoch  9/30  train_loss=0.2247  val_loss=0.2338  val_IoU=0.7257  val_Dice=0.8410
[23:03:51] [loco] epoch 10/30  train_loss=0.2128  val_loss=0.2063  val_IoU=0.7597  val_Dice=0.8635  *best*
[23:04:46] [loco] epoch 11/30  train_loss=0.2064  val_loss=0.2085  val_IoU=0.7579  val_Dice=0.8623
[23:05:40] [loco] epoch 12/30  train_loss=0.2001  val_loss=0.2083  val_IoU=0.7534  val_Dice=0.8594
[23:06:35] [loco] epoch 13/30  train_loss=0.2009  val_loss=0.2107  val_IoU=0.7451  val_Dice=0.8539
[23:07:30] [loco] epoch 14/30  train_loss=0.1943  val_loss=0.1967  val_IoU=0.7733  val_Dice=0.8722  *best*
[23:08:26] [loco] epoch 15/30  train_loss=0.1903  val_loss=0.1965  val_IoU=0.7779  val_Dice=0.8751  *best*
[23:09:21] [loco] epoch 16/30  train_loss=0.1892  val_loss=0.1898  val_IoU=0.7805  val_Dice=0.8767  *best*
[23:10:17] [loco] epoch 17/30  train_loss=0.1873  val_loss=0.1959  val_IoU=0.7748  val_Dice=0.8731
[23:11:12] [loco] epoch 18/30  train_loss=0.1832  val_loss=0.1893  val_IoU=0.7845  val_Dice=0.8792  *best*
[23:12:07] [loco] epoch 19/30  train_loss=0.1881  val_loss=0.1928  val_IoU=0.7775  val_Dice=0.8748
[23:13:02] [loco] epoch 20/30  train_loss=0.1816  val_loss=0.1890  val_IoU=0.7808  val_Dice=0.8769
[23:13:57] [loco] epoch 21/30  train_loss=0.1818  val_loss=0.1871  val_IoU=0.7805  val_Dice=0.8767
[23:14:52] [loco] epoch 22/30  train_loss=0.1792  val_loss=0.1855  val_IoU=0.7866  val_Dice=0.8806  *best*
[23:15:47] [loco] epoch 23/30  train_loss=0.1757  val_loss=0.1825  val_IoU=0.7877  val_Dice=0.8813  *best*
[23:16:42] [loco] epoch 24/30  train_loss=0.1759  val_loss=0.1851  val_IoU=0.7909  val_Dice=0.8833  *best*
[23:17:37] [loco] epoch 25/30  train_loss=0.1738  val_loss=0.1834  val_IoU=0.7908  val_Dice=0.8832
[23:18:32] [loco] epoch 26/30  train_loss=0.1750  val_loss=0.1821  val_IoU=0.7879  val_Dice=0.8814
[23:19:26] [loco] epoch 27/30  train_loss=0.1723  val_loss=0.1801  val_IoU=0.7896  val_Dice=0.8824
[23:20:21] [loco] epoch 28/30  train_loss=0.1707  val_loss=0.1787  val_IoU=0.7937  val_Dice=0.8850  *best*
[23:21:15] [loco] epoch 29/30  train_loss=0.1698  val_loss=0.1774  val_IoU=0.7953  val_Dice=0.8860  *best*
[23:22:10] [loco] epoch 30/30  train_loss=0.1689  val_loss=0.1788  val_IoU=0.7941  val_Dice=0.8852
[23:22:10] [loco] done in 1646s. best val_IoU=0.7953
[23:22:10] saved checkpoint + history to /home/regex/Documents/phd_assignment/artifacts
