[19:26:31] device=cuda NVIDIA GeForce RTX 4060 Laptop GPU
[19:26:34] preloaded 40 tiles in 2.6s
[19:26:34] primary split counts: {'test': 405, 'train': 2430, 'val': 405}
[19:26:34] train=2430 val=405
[19:27:45] [primary] epoch  1/30  train_loss=0.3500  val_loss=0.3301  val_IoU=0.5765  val_Dice=0.7314  *best*
[19:28:55] [primary] epoch  2/30  train_loss=0.2507  val_loss=0.2679  val_IoU=0.6332  val_Dice=0.7754  *best*
[19:30:04] [primary] epoch  3/30  train_loss=0.2306  val_loss=0.2539  val_IoU=0.6657  val_Dice=0.7993  *best*
[19:31:13] [primary] epoch  4/30  train_loss=0.2177  val_loss=0.2666  val_IoU=0.6351  val_Dice=0.7769
[19:32:21] [primary] epoch  5/30  train_loss=0.2203  val_loss=0.2168  val_IoU=0.6921  val_Dice=0.8180  *best*
[19:33:31] [primary] epoch  6/30  train_loss=0.1994  val_loss=0.2149  val_IoU=0.6995  val_Dice=0.8232  *best*
[19:34:40] [primary] epoch  7/30  train_loss=0.1962  val_loss=0.2423  val_IoU=0.6603  val_Dice=0.7954
[19:35:50] [primary] epoch  8/30  train_loss=0.1932  val_loss=0.1875  val_IoU=0.7275  val_Dice=0.8423  *best*
[19:37:00] [primary] epoch  9/30  train_loss=0.1863  val_loss=0.2182  val_IoU=0.6833  val_Dice=0.8119
[19:38:10] [primary] epoch 10/30  train_loss=0.1927  val_loss=0.2366  val_IoU=0.6658  val_Dice=0.7994
[19:39:20] [primary] epoch 11/30  train_loss=0.1954  val_loss=0.1931  val_IoU=0.7280  val_Dice=0.8426  *best*
[19:40:29] [primary] epoch 12/30  train_loss=0.1794  val_loss=0.1783  val_IoU=0.7416  val_Dice=0.8516  *best*
[19:41:38] [primary] epoch 13/30  train_loss=0.1759  val_loss=0.2110  val_IoU=0.7025  val_Dice=0.8253
[19:42:47] [primary] epoch 14/30  train_loss=0.1726  val_loss=0.1735  val_IoU=0.7489  val_Dice=0.8564  *best*
[19:43:57] [primary] epoch 15/30  train_loss=0.1778  val_loss=0.1757  val_IoU=0.7474  val_Dice=0.8555
[19:45:05] [primary] epoch 16/30  train_loss=0.1682  val_loss=0.2089  val_IoU=0.7052  val_Dice=0.8271
[19:46:14] [primary] epoch 17/30  train_loss=0.1732  val_loss=0.1732  val_IoU=0.7491  val_Dice=0.8565  *best*
[19:47:23] [primary] epoch 18/30  train_loss=0.1764  val_loss=0.1775  val_IoU=0.7414  val_Dice=0.8515
[19:48:31] [primary] epoch 19/30  train_loss=0.1773  val_loss=0.2107  val_IoU=0.7069  val_Dice=0.8283
[19:49:59] [primary] epoch 20/30  train_loss=0.1712  val_loss=0.1766  val_IoU=0.7472  val_Dice=0.8553
[19:51:07] [primary] epoch 21/30  train_loss=0.1562  val_loss=0.1578  val_IoU=0.7656  val_Dice=0.8672  *best*
[19:52:16] [primary] epoch 22/30  train_loss=0.1522  val_loss=0.1601  val_IoU=0.7663  val_Dice=0.8677  *best*
[19:53:25] [primary] epoch 23/30  train_loss=0.1500  val_loss=0.1596  val_IoU=0.7611  val_Dice=0.8644
[19:54:33] [primary] epoch 24/30  train_loss=0.1458  val_loss=0.1560  val_IoU=0.7691  val_Dice=0.8695  *best*
[19:55:42] [primary] epoch 25/30  train_loss=0.1478  val_loss=0.1569  val_IoU=0.7632  val_Dice=0.8657
[19:56:50] [primary] epoch 26/30  train_loss=0.1476  val_loss=0.1621  val_IoU=0.7631  val_Dice=0.8656
[19:57:58] [primary] epoch 27/30  train_loss=0.1469  val_loss=0.1567  val_IoU=0.7751  val_Dice=0.8733  *best*
[19:59:07] [primary] epoch 28/30  train_loss=0.1465  val_loss=0.1548  val_IoU=0.7738  val_Dice=0.8725
[20:00:15] [primary] epoch 29/30  train_loss=0.1394  val_loss=0.1505  val_IoU=0.7760  val_Dice=0.8739  *best*
[20:01:23] [primary] epoch 30/30  train_loss=0.1469  val_loss=0.1540  val_IoU=0.7740  val_Dice=0.8726
[20:01:23] [primary] done in 2088s. best val_IoU=0.7760
[20:01:23] saved checkpoint + history to /home/regex/Documents/phd_assignment/artifacts
